Running on GPU
The model have 5810187 paramerters in total
Running on the multi features........
epoch: 0, train_loss: 1.2847, train_acc: 43.24, train_fscore: 32.83, valid_loss: 1.2049, valid_acc: 42.83, valid_fscore: 26.25, test_loss: 1.1093, test_acc: 48.74, test_fscore: 32.71, time: 2.04 sec
epoch: 1, train_loss: 1.0619, train_acc: 53.14, train_fscore: 42.34, valid_loss: 1.0871, valid_acc: 51.49, valid_fscore: 41.79, test_loss: 0.9977, test_acc: 56.28, test_fscore: 46.96, time: 1.98 sec
epoch: 2, train_loss: 0.9455, train_acc: 62.19, train_fscore: 55.58, valid_loss: 0.9957, valid_acc: 58.97, valid_fscore: 52.05, test_loss: 0.9102, test_acc: 63.49, test_fscore: 57.39, time: 2.02 sec
epoch: 3, train_loss: 0.8494, train_acc: 67.1, train_fscore: 61.94, valid_loss: 0.9259, valid_acc: 61.32, valid_fscore: 55.4, test_loss: 0.847, test_acc: 65.67, test_fscore: 60.9, time: 1.58 sec
epoch: 4, train_loss: 0.7814, train_acc: 69.73, train_fscore: 65.73, valid_loss: 0.8806, valid_acc: 62.85, valid_fscore: 58.44, test_loss: 0.8062, test_acc: 66.32, test_fscore: 62.5, time: 1.45 sec
epoch: 5, train_loss: 0.7341, train_acc: 71.31, train_fscore: 67.97, valid_loss: 0.8549, valid_acc: 62.94, valid_fscore: 59.05, test_loss: 0.7826, test_acc: 66.67, test_fscore: 63.31, time: 1.46 sec
epoch: 6, train_loss: 0.6961, train_acc: 72.24, train_fscore: 69.34, valid_loss: 0.8362, valid_acc: 64.2, valid_fscore: 60.9, test_loss: 0.7688, test_acc: 66.59, test_fscore: 63.73, time: 1.52 sec
epoch: 7, train_loss: 0.6763, train_acc: 72.42, train_fscore: 69.85, valid_loss: 0.8317, valid_acc: 64.02, valid_fscore: 60.6, test_loss: 0.7604, test_acc: 66.63, test_fscore: 63.65, time: 1.72 sec
epoch: 8, train_loss: 0.6533, train_acc: 72.78, train_fscore: 70.18, valid_loss: 0.8177, valid_acc: 64.65, valid_fscore: 61.65, test_loss: 0.7516, test_acc: 66.9, test_fscore: 64.52, time: 1.47 sec
epoch: 9, train_loss: 0.6425, train_acc: 72.97, train_fscore: 70.66, valid_loss: 0.8152, valid_acc: 64.47, valid_fscore: 61.63, test_loss: 0.7489, test_acc: 66.78, test_fscore: 64.44, time: 1.59 sec
epoch: 10, train_loss: 0.6307, train_acc: 73.46, train_fscore: 71.3, valid_loss: 0.8132, valid_acc: 64.47, valid_fscore: 61.5, test_loss: 0.7456, test_acc: 66.93, test_fscore: 64.54, time: 1.92 sec
epoch: 11, train_loss: 0.6246, train_acc: 73.31, train_fscore: 71.18, valid_loss: 0.8061, valid_acc: 65.19, valid_fscore: 62.53, test_loss: 0.7389, test_acc: 66.97, test_fscore: 64.74, time: 1.84 sec
epoch: 12, train_loss: 0.6165, train_acc: 73.62, train_fscore: 71.73, valid_loss: 0.8037, valid_acc: 65.19, valid_fscore: 62.51, test_loss: 0.7365, test_acc: 67.09, test_fscore: 64.99, time: 1.44 sec
epoch: 13, train_loss: 0.6063, train_acc: 73.79, train_fscore: 71.94, valid_loss: 0.8008, valid_acc: 64.92, valid_fscore: 62.32, test_loss: 0.7364, test_acc: 67.01, test_fscore: 65.06, time: 1.49 sec
epoch: 14, train_loss: 0.604, train_acc: 73.82, train_fscore: 71.96, valid_loss: 0.7964, valid_acc: 65.37, valid_fscore: 62.79, test_loss: 0.733, test_acc: 67.16, test_fscore: 65.28, time: 1.49 sec
epoch: 15, train_loss: 0.5966, train_acc: 74.23, train_fscore: 72.66, valid_loss: 0.7949, valid_acc: 65.28, valid_fscore: 62.82, test_loss: 0.7324, test_acc: 67.05, test_fscore: 65.26, time: 1.44 sec
epoch: 16, train_loss: 0.5926, train_acc: 74.35, train_fscore: 72.77, valid_loss: 0.7901, valid_acc: 65.28, valid_fscore: 63.0, test_loss: 0.7314, test_acc: 67.01, test_fscore: 65.37, time: 1.43 sec
epoch: 17, train_loss: 0.5886, train_acc: 74.42, train_fscore: 72.97, valid_loss: 0.7912, valid_acc: 65.1, valid_fscore: 62.91, test_loss: 0.7334, test_acc: 66.74, test_fscore: 65.06, time: 1.47 sec
epoch: 18, train_loss: 0.5832, train_acc: 74.34, train_fscore: 72.88, valid_loss: 0.7886, valid_acc: 65.37, valid_fscore: 63.28, test_loss: 0.7304, test_acc: 67.43, test_fscore: 65.82, time: 1.72 sec
epoch: 19, train_loss: 0.581, train_acc: 74.45, train_fscore: 73.24, valid_loss: 0.7872, valid_acc: 65.64, valid_fscore: 63.61, test_loss: 0.7282, test_acc: 67.24, test_fscore: 65.59, time: 2.18 sec
epoch: 20, train_loss: 0.5757, train_acc: 74.83, train_fscore: 73.6, valid_loss: 0.7805, valid_acc: 65.92, valid_fscore: 64.08, test_loss: 0.727, test_acc: 67.28, test_fscore: 65.85, time: 1.68 sec
epoch: 21, train_loss: 0.5738, train_acc: 75.16, train_fscore: 74.08, valid_loss: 0.7816, valid_acc: 66.28, valid_fscore: 64.31, test_loss: 0.7272, test_acc: 67.24, test_fscore: 65.81, time: 1.51 sec
epoch: 22, train_loss: 0.5668, train_acc: 75.48, train_fscore: 74.39, valid_loss: 0.7753, valid_acc: 66.01, valid_fscore: 64.24, test_loss: 0.7246, test_acc: 67.16, test_fscore: 65.79, time: 1.69 sec
epoch: 23, train_loss: 0.5649, train_acc: 75.07, train_fscore: 74.06, valid_loss: 0.7781, valid_acc: 65.92, valid_fscore: 64.32, test_loss: 0.7266, test_acc: 67.28, test_fscore: 65.85, time: 1.43 sec
epoch: 24, train_loss: 0.5604, train_acc: 75.51, train_fscore: 74.57, valid_loss: 0.778, valid_acc: 65.83, valid_fscore: 63.87, test_loss: 0.7224, test_acc: 67.55, test_fscore: 65.99, time: 1.49 sec
epoch: 25, train_loss: 0.5591, train_acc: 75.4, train_fscore: 74.36, valid_loss: 0.7757, valid_acc: 66.01, valid_fscore: 64.3, test_loss: 0.7236, test_acc: 67.36, test_fscore: 65.9, time: 1.49 sec
epoch: 26, train_loss: 0.5581, train_acc: 74.95, train_fscore: 74.01, valid_loss: 0.7733, valid_acc: 66.82, valid_fscore: 65.26, test_loss: 0.7227, test_acc: 67.55, test_fscore: 66.19, time: 1.54 sec
epoch: 27, train_loss: 0.5506, train_acc: 75.94, train_fscore: 75.06, valid_loss: 0.7721, valid_acc: 66.46, valid_fscore: 64.88, test_loss: 0.7214, test_acc: 67.36, test_fscore: 65.94, time: 2.28 sec
epoch: 28, train_loss: 0.5466, train_acc: 75.64, train_fscore: 74.76, valid_loss: 0.7767, valid_acc: 66.73, valid_fscore: 65.11, test_loss: 0.7225, test_acc: 67.51, test_fscore: 66.08, time: 1.87 sec
epoch: 29, train_loss: 0.5525, train_acc: 75.78, train_fscore: 74.93, valid_loss: 0.774, valid_acc: 66.01, valid_fscore: 64.31, test_loss: 0.7215, test_acc: 67.59, test_fscore: 66.12, time: 1.51 sec
epoch: 30, train_loss: 0.5467, train_acc: 75.76, train_fscore: 74.95, valid_loss: 0.7746, valid_acc: 66.64, valid_fscore: 65.25, test_loss: 0.7252, test_acc: 67.59, test_fscore: 66.32, time: 1.45 sec
epoch: 31, train_loss: 0.5397, train_acc: 75.72, train_fscore: 74.89, valid_loss: 0.7699, valid_acc: 66.73, valid_fscore: 65.39, test_loss: 0.7229, test_acc: 67.47, test_fscore: 66.19, time: 1.43 sec
epoch: 32, train_loss: 0.5405, train_acc: 76.03, train_fscore: 75.22, valid_loss: 0.7701, valid_acc: 66.73, valid_fscore: 65.41, test_loss: 0.7233, test_acc: 67.43, test_fscore: 66.21, time: 1.44 sec
epoch: 33, train_loss: 0.5385, train_acc: 75.9, train_fscore: 75.09, valid_loss: 0.7678, valid_acc: 66.73, valid_fscore: 65.4, test_loss: 0.7215, test_acc: 67.43, test_fscore: 66.21, time: 1.43 sec
epoch: 34, train_loss: 0.5323, train_acc: 76.1, train_fscore: 75.31, valid_loss: 0.7667, valid_acc: 66.91, valid_fscore: 65.6, test_loss: 0.7218, test_acc: 67.55, test_fscore: 66.33, time: 1.46 sec
epoch: 35, train_loss: 0.5271, train_acc: 76.3, train_fscore: 75.53, valid_loss: 0.7627, valid_acc: 67.0, valid_fscore: 65.88, test_loss: 0.7237, test_acc: 67.51, test_fscore: 66.54, time: 1.82 sec
epoch: 36, train_loss: 0.528, train_acc: 76.45, train_fscore: 75.71, valid_loss: 0.7642, valid_acc: 67.18, valid_fscore: 65.87, test_loss: 0.7211, test_acc: 67.51, test_fscore: 66.37, time: 1.98 sec
epoch: 37, train_loss: 0.5238, train_acc: 76.48, train_fscore: 75.73, valid_loss: 0.7635, valid_acc: 66.82, valid_fscore: 65.46, test_loss: 0.7217, test_acc: 67.05, test_fscore: 65.88, time: 1.71 sec
epoch: 38, train_loss: 0.5198, train_acc: 76.33, train_fscore: 75.56, valid_loss: 0.7642, valid_acc: 66.82, valid_fscore: 65.63, test_loss: 0.7242, test_acc: 67.24, test_fscore: 66.27, time: 1.45 sec
epoch: 39, train_loss: 0.5189, train_acc: 76.59, train_fscore: 75.89, valid_loss: 0.7625, valid_acc: 66.64, valid_fscore: 65.5, test_loss: 0.7241, test_acc: 67.2, test_fscore: 66.29, time: 1.45 sec
Final Test performance...
Early stoping... 4 0
Eval-metric: F1, Epoch: 35, best_eval_fscore: 65.88, Accuracy: 67.51, F1-Score: 66.54
Eval-metric: Loss, Epoch: 39, Accuracy: 67.2, F1-Score: 66.29
